Archive member included because of file (symbol)

c:/program files (x86)/atmel/avr tools/avr toolchain/bin/../lib/gcc/avr/4.7.2/avr51\libgcc.a(_divmodhi4.o)
                              ../../source/GameModes/LL_GameModes.o (__divmodhi4)
c:/program files (x86)/atmel/avr tools/avr toolchain/bin/../lib/gcc/avr/4.7.2/avr51\libgcc.a(_udivmodsi4.o)
                              ../../source/Drinks/LL_Drinks.o (__udivmodsi4)
c:/program files (x86)/atmel/avr tools/avr toolchain/bin/../lib/gcc/avr/4.7.2/avr51\libgcc.a(_exit.o)
                              c:/program files (x86)/atmel/avr tools/avr toolchain/bin/../lib/gcc/avr/4.7.2/../../../../avr/lib/avr51/crtm128.o (exit)
c:/program files (x86)/atmel/avr tools/avr toolchain/bin/../lib/gcc/avr/4.7.2/avr51\libgcc.a(_clear_bss.o)
                              ../../source/Main/main.o (__do_clear_bss)
c:/program files (x86)/atmel/avr tools/avr toolchain/bin/../lib/gcc/avr/4.7.2/avr51\libgcc.a(_udivmodhi4.o)
                              c:/program files (x86)/atmel/avr tools/avr toolchain/bin/../lib/gcc/avr/4.7.2/avr51\libgcc.a(_divmodhi4.o) (__udivmodhi4)
c:/program files (x86)/atmel/avr tools/avr toolchain/bin/../lib/gcc/avr/4.7.2/../../../../avr/lib/avr51\libc.a(rand.o)
                              ../../source/GameModes/LL_GameModes.o (rand)
c:/program files (x86)/atmel/avr tools/avr toolchain/bin/../lib/gcc/avr/4.7.2/avr51\libgcc.a(_divmodsi4.o)
                              c:/program files (x86)/atmel/avr tools/avr toolchain/bin/../lib/gcc/avr/4.7.2/../../../../avr/lib/avr51\libc.a(rand.o) (__divmodsi4)
c:/program files (x86)/atmel/avr tools/avr toolchain/bin/../lib/gcc/avr/4.7.2/avr51\libgcc.a(_copy_data.o)
                              c:/program files (x86)/atmel/avr tools/avr toolchain/bin/../lib/gcc/avr/4.7.2/../../../../avr/lib/avr51\libc.a(rand.o) (__do_copy_data)
c:/program files (x86)/atmel/avr tools/avr toolchain/bin/../lib/gcc/avr/4.7.2/avr51\libgcc.a(_muluhisi3.o)
                              c:/program files (x86)/atmel/avr tools/avr toolchain/bin/../lib/gcc/avr/4.7.2/../../../../avr/lib/avr51\libc.a(rand.o) (__muluhisi3)
c:/program files (x86)/atmel/avr tools/avr toolchain/bin/../lib/gcc/avr/4.7.2/avr51\libgcc.a(_mulshisi3.o)
                              c:/program files (x86)/atmel/avr tools/avr toolchain/bin/../lib/gcc/avr/4.7.2/../../../../avr/lib/avr51\libc.a(rand.o) (__mulohisi3)
c:/program files (x86)/atmel/avr tools/avr toolchain/bin/../lib/gcc/avr/4.7.2/avr51\libgcc.a(_umulhisi3.o)
                              c:/program files (x86)/atmel/avr tools/avr toolchain/bin/../lib/gcc/avr/4.7.2/avr51\libgcc.a(_muluhisi3.o) (__umulhisi3)

Allocating common symbols
Common symbol       size              file

currentSpeed        0x2               ../../source/Motor/LL_Motor.o
timerTick           0x1               ../../source/GameModes/LL_GameModes.o
randomDirection     0x1               ../../source/GameModes/LL_GameModes.o
forwardChannel      0x2               ../../source/Motor/LL_Motor.o
startGame           0x1               ../../source/GameModes/LL_GameModes.o
random_nr           0x1               ../../source/Main/main.o
blinkingInformations
                    0x90              ../../source/LedModule/LL_LedModule.o
led_mode            0x1               ../../source/Main/main.o
globalGameMode      0x2               ../../source/GameModes/LL_GameModes.o
randomSpeed         0x1               ../../source/GameModes/LL_GameModes.o

Discarded input sections

 .bss           0x00000000        0x0 c:/program files (x86)/atmel/avr tools/avr toolchain/bin/../lib/gcc/avr/4.7.2/../../../../avr/lib/avr51/crtm128.o
 .text          0x00000000        0x0 ../../source/Main/main.o
 .bss           0x00000000        0x0 ../../source/Main/main.o
 COMMON         0x00000000        0x2 ../../source/Main/main.o
 .text          0x00000000        0x0 ../../source/LedModule/LL_LedModule.o
 .bss           0x00000000        0x0 ../../source/LedModule/LL_LedModule.o
 .text.clearScreen
                0x00000000        0x4 ../../source/LedModule/LL_LedModule.o
 .text          0x00000000        0x0 ../../source/GameModes/LL_GameModes.o
 .bss           0x00000000        0x0 ../../source/GameModes/LL_GameModes.o
 .text.setGameMode
                0x00000000       0x8c ../../source/GameModes/LL_GameModes.o
 .text.setDifficulty
                0x00000000        0x2 ../../source/GameModes/LL_GameModes.o
 .text          0x00000000        0x0 ../../source/Port/LL_Port.o
 .bss           0x00000000        0x0 ../../source/Port/LL_Port.o
 .text          0x00000000        0x0 ../../source/Timer/LL_Timer.o
 .bss           0x00000000        0x0 ../../source/Timer/LL_Timer.o
 .text.getTimerTick10mSec
                0x00000000        0x6 ../../source/Timer/LL_Timer.o
 .text.getTimerDiff10mSec
                0x00000000       0x22 ../../source/Timer/LL_Timer.o
 .text          0x00000000        0x0 ../../source/Motor/LL_Motor.o
 .bss           0x00000000        0x0 ../../source/Motor/LL_Motor.o
 .text          0x00000000        0x0 ../../source/Drinks/LL_Drinks.o
 .bss           0x00000000        0x0 ../../source/Drinks/LL_Drinks.o
 .text.startSearchNewDrink
                0x00000000        0xe ../../source/Drinks/LL_Drinks.o
 .text          0x00000000        0x0 c:/program files (x86)/atmel/avr tools/avr toolchain/bin/../lib/gcc/avr/4.7.2/avr51\libgcc.a(_divmodhi4.o)
 .bss           0x00000000        0x0 c:/program files (x86)/atmel/avr tools/avr toolchain/bin/../lib/gcc/avr/4.7.2/avr51\libgcc.a(_divmodhi4.o)
 .text.libgcc.mul
                0x00000000        0x0 c:/program files (x86)/atmel/avr tools/avr toolchain/bin/../lib/gcc/avr/4.7.2/avr51\libgcc.a(_divmodhi4.o)
 .text.libgcc   0x00000000        0x0 c:/program files (x86)/atmel/avr tools/avr toolchain/bin/../lib/gcc/avr/4.7.2/avr51\libgcc.a(_divmodhi4.o)
 .text.libgcc.prologue
                0x00000000        0x0 c:/program files (x86)/atmel/avr tools/avr toolchain/bin/../lib/gcc/avr/4.7.2/avr51\libgcc.a(_divmodhi4.o)
 .text.libgcc.builtins
                0x00000000        0x0 c:/program files (x86)/atmel/avr tools/avr toolchain/bin/../lib/gcc/avr/4.7.2/avr51\libgcc.a(_divmodhi4.o)
 .text.libgcc.fmul
                0x00000000        0x0 c:/program files (x86)/atmel/avr tools/avr toolchain/bin/../lib/gcc/avr/4.7.2/avr51\libgcc.a(_divmodhi4.o)
 .text          0x00000000        0x0 c:/program files (x86)/atmel/avr tools/avr toolchain/bin/../lib/gcc/avr/4.7.2/avr51\libgcc.a(_udivmodsi4.o)
 .bss           0x00000000        0x0 c:/program files (x86)/atmel/avr tools/avr toolchain/bin/../lib/gcc/avr/4.7.2/avr51\libgcc.a(_udivmodsi4.o)
 .text.libgcc.mul
                0x00000000        0x0 c:/program files (x86)/atmel/avr tools/avr toolchain/bin/../lib/gcc/avr/4.7.2/avr51\libgcc.a(_udivmodsi4.o)
 .text.libgcc   0x00000000        0x0 c:/program files (x86)/atmel/avr tools/avr toolchain/bin/../lib/gcc/avr/4.7.2/avr51\libgcc.a(_udivmodsi4.o)
 .text.libgcc.prologue
                0x00000000        0x0 c:/program files (x86)/atmel/avr tools/avr toolchain/bin/../lib/gcc/avr/4.7.2/avr51\libgcc.a(_udivmodsi4.o)
 .text.libgcc.builtins
                0x00000000        0x0 c:/program files (x86)/atmel/avr tools/avr toolchain/bin/../lib/gcc/avr/4.7.2/avr51\libgcc.a(_udivmodsi4.o)
 .text.libgcc.fmul
                0x00000000        0x0 c:/program files (x86)/atmel/avr tools/avr toolchain/bin/../lib/gcc/avr/4.7.2/avr51\libgcc.a(_udivmodsi4.o)
 .text          0x00000000        0x0 c:/program files (x86)/atmel/avr tools/avr toolchain/bin/../lib/gcc/avr/4.7.2/avr51\libgcc.a(_exit.o)
 .bss           0x00000000        0x0 c:/program files (x86)/atmel/avr tools/avr toolchain/bin/../lib/gcc/avr/4.7.2/avr51\libgcc.a(_exit.o)
 .text.libgcc.mul
                0x00000000        0x0 c:/program files (x86)/atmel/avr tools/avr toolchain/bin/../lib/gcc/avr/4.7.2/avr51\libgcc.a(_exit.o)
 .text.libgcc.div
                0x00000000        0x0 c:/program files (x86)/atmel/avr tools/avr toolchain/bin/../lib/gcc/avr/4.7.2/avr51\libgcc.a(_exit.o)
 .text.libgcc   0x00000000        0x0 c:/program files (x86)/atmel/avr tools/avr toolchain/bin/../lib/gcc/avr/4.7.2/avr51\libgcc.a(_exit.o)
 .text.libgcc.prologue
                0x00000000        0x0 c:/program files (x86)/atmel/avr tools/avr toolchain/bin/../lib/gcc/avr/4.7.2/avr51\libgcc.a(_exit.o)
 .text.libgcc.builtins
                0x00000000        0x0 c:/program files (x86)/atmel/avr tools/avr toolchain/bin/../lib/gcc/avr/4.7.2/avr51\libgcc.a(_exit.o)
 .text.libgcc.fmul
                0x00000000        0x0 c:/program files (x86)/atmel/avr tools/avr toolchain/bin/../lib/gcc/avr/4.7.2/avr51\libgcc.a(_exit.o)
 .text          0x00000000        0x0 c:/program files (x86)/atmel/avr tools/avr toolchain/bin/../lib/gcc/avr/4.7.2/avr51\libgcc.a(_clear_bss.o)
 .bss           0x00000000        0x0 c:/program files (x86)/atmel/avr tools/avr toolchain/bin/../lib/gcc/avr/4.7.2/avr51\libgcc.a(_clear_bss.o)
 .text.libgcc.mul
                0x00000000        0x0 c:/program files (x86)/atmel/avr tools/avr toolchain/bin/../lib/gcc/avr/4.7.2/avr51\libgcc.a(_clear_bss.o)
 .text.libgcc.div
                0x00000000        0x0 c:/program files (x86)/atmel/avr tools/avr toolchain/bin/../lib/gcc/avr/4.7.2/avr51\libgcc.a(_clear_bss.o)
 .text.libgcc   0x00000000        0x0 c:/program files (x86)/atmel/avr tools/avr toolchain/bin/../lib/gcc/avr/4.7.2/avr51\libgcc.a(_clear_bss.o)
 .text.libgcc.prologue
                0x00000000        0x0 c:/program files (x86)/atmel/avr tools/avr toolchain/bin/../lib/gcc/avr/4.7.2/avr51\libgcc.a(_clear_bss.o)
 .text.libgcc.builtins
                0x00000000        0x0 c:/program files (x86)/atmel/avr tools/avr toolchain/bin/../lib/gcc/avr/4.7.2/avr51\libgcc.a(_clear_bss.o)
 .text.libgcc.fmul
                0x00000000        0x0 c:/program files (x86)/atmel/avr tools/avr toolchain/bin/../lib/gcc/avr/4.7.2/avr51\libgcc.a(_clear_bss.o)
 .text          0x00000000        0x0 c:/program files (x86)/atmel/avr tools/avr toolchain/bin/../lib/gcc/avr/4.7.2/avr51\libgcc.a(_udivmodhi4.o)
 .bss           0x00000000        0x0 c:/program files (x86)/atmel/avr tools/avr toolchain/bin/../lib/gcc/avr/4.7.2/avr51\libgcc.a(_udivmodhi4.o)
 .text.libgcc.mul
                0x00000000        0x0 c:/program files (x86)/atmel/avr tools/avr toolchain/bin/../lib/gcc/avr/4.7.2/avr51\libgcc.a(_udivmodhi4.o)
 .text.libgcc   0x00000000        0x0 c:/program files (x86)/atmel/avr tools/avr toolchain/bin/../lib/gcc/avr/4.7.2/avr51\libgcc.a(_udivmodhi4.o)
 .text.libgcc.prologue
                0x00000000        0x0 c:/program files (x86)/atmel/avr tools/avr toolchain/bin/../lib/gcc/avr/4.7.2/avr51\libgcc.a(_udivmodhi4.o)
 .text.libgcc.builtins
                0x00000000        0x0 c:/program files (x86)/atmel/avr tools/avr toolchain/bin/../lib/gcc/avr/4.7.2/avr51\libgcc.a(_udivmodhi4.o)
 .text.libgcc.fmul
                0x00000000        0x0 c:/program files (x86)/atmel/avr tools/avr toolchain/bin/../lib/gcc/avr/4.7.2/avr51\libgcc.a(_udivmodhi4.o)
 .text          0x00000000        0x0 c:/program files (x86)/atmel/avr tools/avr toolchain/bin/../lib/gcc/avr/4.7.2/../../../../avr/lib/avr51\libc.a(rand.o)
 .bss           0x00000000        0x0 c:/program files (x86)/atmel/avr tools/avr toolchain/bin/../lib/gcc/avr/4.7.2/../../../../avr/lib/avr51\libc.a(rand.o)
 .text          0x00000000        0x0 c:/program files (x86)/atmel/avr tools/avr toolchain/bin/../lib/gcc/avr/4.7.2/avr51\libgcc.a(_divmodsi4.o)
 .bss           0x00000000        0x0 c:/program files (x86)/atmel/avr tools/avr toolchain/bin/../lib/gcc/avr/4.7.2/avr51\libgcc.a(_divmodsi4.o)
 .text.libgcc.mul
                0x00000000        0x0 c:/program files (x86)/atmel/avr tools/avr toolchain/bin/../lib/gcc/avr/4.7.2/avr51\libgcc.a(_divmodsi4.o)
 .text.libgcc   0x00000000        0x0 c:/program files (x86)/atmel/avr tools/avr toolchain/bin/../lib/gcc/avr/4.7.2/avr51\libgcc.a(_divmodsi4.o)
 .text.libgcc.prologue
                0x00000000        0x0 c:/program files (x86)/atmel/avr tools/avr toolchain/bin/../lib/gcc/avr/4.7.2/avr51\libgcc.a(_divmodsi4.o)
 .text.libgcc.builtins
                0x00000000        0x0 c:/program files (x86)/atmel/avr tools/avr toolchain/bin/../lib/gcc/avr/4.7.2/avr51\libgcc.a(_divmodsi4.o)
 .text.libgcc.fmul
                0x00000000        0x0 c:/program files (x86)/atmel/avr tools/avr toolchain/bin/../lib/gcc/avr/4.7.2/avr51\libgcc.a(_divmodsi4.o)
 .text          0x00000000        0x0 c:/program files (x86)/atmel/avr tools/avr toolchain/bin/../lib/gcc/avr/4.7.2/avr51\libgcc.a(_copy_data.o)
 .bss           0x00000000        0x0 c:/program files (x86)/atmel/avr tools/avr toolchain/bin/../lib/gcc/avr/4.7.2/avr51\libgcc.a(_copy_data.o)
 .text.libgcc.mul
                0x00000000        0x0 c:/program files (x86)/atmel/avr tools/avr toolchain/bin/../lib/gcc/avr/4.7.2/avr51\libgcc.a(_copy_data.o)
 .text.libgcc.div
                0x00000000        0x0 c:/program files (x86)/atmel/avr tools/avr toolchain/bin/../lib/gcc/avr/4.7.2/avr51\libgcc.a(_copy_data.o)
 .text.libgcc   0x00000000        0x0 c:/program files (x86)/atmel/avr tools/avr toolchain/bin/../lib/gcc/avr/4.7.2/avr51\libgcc.a(_copy_data.o)
 .text.libgcc.prologue
                0x00000000        0x0 c:/program files (x86)/atmel/avr tools/avr toolchain/bin/../lib/gcc/avr/4.7.2/avr51\libgcc.a(_copy_data.o)
 .text.libgcc.builtins
                0x00000000        0x0 c:/program files (x86)/atmel/avr tools/avr toolchain/bin/../lib/gcc/avr/4.7.2/avr51\libgcc.a(_copy_data.o)
 .text.libgcc.fmul
                0x00000000        0x0 c:/program files (x86)/atmel/avr tools/avr toolchain/bin/../lib/gcc/avr/4.7.2/avr51\libgcc.a(_copy_data.o)
 .text          0x00000000        0x0 c:/program files (x86)/atmel/avr tools/avr toolchain/bin/../lib/gcc/avr/4.7.2/avr51\libgcc.a(_muluhisi3.o)
 .bss           0x00000000        0x0 c:/program files (x86)/atmel/avr tools/avr toolchain/bin/../lib/gcc/avr/4.7.2/avr51\libgcc.a(_muluhisi3.o)
 .text.libgcc.div
                0x00000000        0x0 c:/program files (x86)/atmel/avr tools/avr toolchain/bin/../lib/gcc/avr/4.7.2/avr51\libgcc.a(_muluhisi3.o)
 .text.libgcc   0x00000000        0x0 c:/program files (x86)/atmel/avr tools/avr toolchain/bin/../lib/gcc/avr/4.7.2/avr51\libgcc.a(_muluhisi3.o)
 .text.libgcc.prologue
                0x00000000        0x0 c:/program files (x86)/atmel/avr tools/avr toolchain/bin/../lib/gcc/avr/4.7.2/avr51\libgcc.a(_muluhisi3.o)
 .text.libgcc.builtins
                0x00000000        0x0 c:/program files (x86)/atmel/avr tools/avr toolchain/bin/../lib/gcc/avr/4.7.2/avr51\libgcc.a(_muluhisi3.o)
 .text.libgcc.fmul
                0x00000000        0x0 c:/program files (x86)/atmel/avr tools/avr toolchain/bin/../lib/gcc/avr/4.7.2/avr51\libgcc.a(_muluhisi3.o)
 .text          0x00000000        0x0 c:/program files (x86)/atmel/avr tools/avr toolchain/bin/../lib/gcc/avr/4.7.2/avr51\libgcc.a(_mulshisi3.o)
 .bss           0x00000000        0x0 c:/program files (x86)/atmel/avr tools/avr toolchain/bin/../lib/gcc/avr/4.7.2/avr51\libgcc.a(_mulshisi3.o)
 .text.libgcc.div
                0x00000000        0x0 c:/program files (x86)/atmel/avr tools/avr toolchain/bin/../lib/gcc/avr/4.7.2/avr51\libgcc.a(_mulshisi3.o)
 .text.libgcc   0x00000000        0x0 c:/program files (x86)/atmel/avr tools/avr toolchain/bin/../lib/gcc/avr/4.7.2/avr51\libgcc.a(_mulshisi3.o)
 .text.libgcc.prologue
                0x00000000        0x0 c:/program files (x86)/atmel/avr tools/avr toolchain/bin/../lib/gcc/avr/4.7.2/avr51\libgcc.a(_mulshisi3.o)
 .text.libgcc.builtins
                0x00000000        0x0 c:/program files (x86)/atmel/avr tools/avr toolchain/bin/../lib/gcc/avr/4.7.2/avr51\libgcc.a(_mulshisi3.o)
 .text.libgcc.fmul
                0x00000000        0x0 c:/program files (x86)/atmel/avr tools/avr toolchain/bin/../lib/gcc/avr/4.7.2/avr51\libgcc.a(_mulshisi3.o)
 .text          0x00000000        0x0 c:/program files (x86)/atmel/avr tools/avr toolchain/bin/../lib/gcc/avr/4.7.2/avr51\libgcc.a(_umulhisi3.o)
 .bss           0x00000000        0x0 c:/program files (x86)/atmel/avr tools/avr toolchain/bin/../lib/gcc/avr/4.7.2/avr51\libgcc.a(_umulhisi3.o)
 .text.libgcc.div
                0x00000000        0x0 c:/program files (x86)/atmel/avr tools/avr toolchain/bin/../lib/gcc/avr/4.7.2/avr51\libgcc.a(_umulhisi3.o)
 .text.libgcc   0x00000000        0x0 c:/program files (x86)/atmel/avr tools/avr toolchain/bin/../lib/gcc/avr/4.7.2/avr51\libgcc.a(_umulhisi3.o)
 .text.libgcc.prologue
                0x00000000        0x0 c:/program files (x86)/atmel/avr tools/avr toolchain/bin/../lib/gcc/avr/4.7.2/avr51\libgcc.a(_umulhisi3.o)
 .text.libgcc.builtins
                0x00000000        0x0 c:/program files (x86)/atmel/avr tools/avr toolchain/bin/../lib/gcc/avr/4.7.2/avr51\libgcc.a(_umulhisi3.o)
 .text.libgcc.fmul
                0x00000000        0x0 c:/program files (x86)/atmel/avr tools/avr toolchain/bin/../lib/gcc/avr/4.7.2/avr51\libgcc.a(_umulhisi3.o)

Memory Configuration

Name             Origin             Length             Attributes
text             0x00000000         0x00020000         xr
data             0x00800100         0x0000ff00         rw !x
eeprom           0x00810000         0x00010000         rw !x
fuse             0x00820000         0x00000400         rw !x
lock             0x00830000         0x00000400         rw !x
signature        0x00840000         0x00000400         rw !x
user_signatures  0x00850000         0x00000400         rw !x
*default*        0x00000000         0xffffffff

Linker script and memory map

Address of section .data set to 0x800100
LOAD c:/program files (x86)/atmel/avr tools/avr toolchain/bin/../lib/gcc/avr/4.7.2/../../../../avr/lib/avr51/crtm128.o
LOAD ../../source/Main/main.o
LOAD ../../source/LedModule/LL_LedModule.o
LOAD ../../source/GameModes/LL_GameModes.o
LOAD ../../source/Port/LL_Port.o
LOAD ../../source/Timer/LL_Timer.o
LOAD ../../source/Motor/LL_Motor.o
LOAD ../../source/Drinks/LL_Drinks.o
LOAD c:/program files (x86)/atmel/avr tools/avr toolchain/bin/../lib/gcc/avr/4.7.2/avr51\libgcc.a
LOAD c:/program files (x86)/atmel/avr tools/avr toolchain/bin/../lib/gcc/avr/4.7.2/../../../../avr/lib/avr51\libc.a
LOAD c:/program files (x86)/atmel/avr tools/avr toolchain/bin/../lib/gcc/avr/4.7.2/avr51\libgcc.a

.hash
 *(.hash)

.dynsym
 *(.dynsym)

.dynstr
 *(.dynstr)

.gnu.version
 *(.gnu.version)

.gnu.version_d
 *(.gnu.version_d)

.gnu.version_r
 *(.gnu.version_r)

.rel.init
 *(.rel.init)

.rela.init
 *(.rela.init)

.rel.text
 *(.rel.text)
 *(.rel.text.*)
 *(.rel.gnu.linkonce.t*)

.rela.text
 *(.rela.text)
 *(.rela.text.*)
 *(.rela.gnu.linkonce.t*)

.rel.fini
 *(.rel.fini)

.rela.fini
 *(.rela.fini)

.rel.rodata
 *(.rel.rodata)
 *(.rel.rodata.*)
 *(.rel.gnu.linkonce.r*)

.rela.rodata
 *(.rela.rodata)
 *(.rela.rodata.*)
 *(.rela.gnu.linkonce.r*)

.rel.data
 *(.rel.data)
 *(.rel.data.*)
 *(.rel.gnu.linkonce.d*)

.rela.data
 *(.rela.data)
 *(.rela.data.*)
 *(.rela.gnu.linkonce.d*)

.rel.ctors
 *(.rel.ctors)

.rela.ctors
 *(.rela.ctors)

.rel.dtors
 *(.rel.dtors)

.rela.dtors
 *(.rela.dtors)

.rel.got
 *(.rel.got)

.rela.got
 *(.rela.got)

.rel.bss
 *(.rel.bss)

.rela.bss
 *(.rela.bss)

.rel.plt
 *(.rel.plt)

.rela.plt
 *(.rela.plt)

.text           0x00000000      0xb36
 *(.vectors)
 .vectors       0x00000000       0x8c c:/program files (x86)/atmel/avr tools/avr toolchain/bin/../lib/gcc/avr/4.7.2/../../../../avr/lib/avr51/crtm128.o
                0x00000000                __vector_default
                0x00000000                __vectors
 *(.vectors)
 *(.progmem.gcc*)
 *(.progmem*)
                0x0000008c                . = ALIGN (0x2)
                0x0000008c                __trampolines_start = .
 *(.trampolines)
 .trampolines   0x0000008c        0x0 linker stubs
 *(.trampolines*)
                0x0000008c                __trampolines_end = .
 *(.jumptables)
 *(.jumptables*)
 *(.lowtext)
 *(.lowtext*)
                0x0000008c                __ctors_start = .
 *(.ctors)
                0x0000008c                __ctors_end = .
                0x0000008c                __dtors_start = .
 *(.dtors)
                0x0000008c                __dtors_end = .
 SORT(*)(.ctors)
 SORT(*)(.dtors)
 *(.init0)
 .init0         0x0000008c        0x0 c:/program files (x86)/atmel/avr tools/avr toolchain/bin/../lib/gcc/avr/4.7.2/../../../../avr/lib/avr51/crtm128.o
                0x0000008c                __init
 *(.init0)
 *(.init1)
 *(.init1)
 *(.init2)
 .init2         0x0000008c        0xc c:/program files (x86)/atmel/avr tools/avr toolchain/bin/../lib/gcc/avr/4.7.2/../../../../avr/lib/avr51/crtm128.o
 *(.init2)
 *(.init3)
 *(.init3)
 *(.init4)
 .init4         0x00000098       0x10 c:/program files (x86)/atmel/avr tools/avr toolchain/bin/../lib/gcc/avr/4.7.2/avr51\libgcc.a(_clear_bss.o)
                0x00000098                __do_clear_bss
 .init4         0x000000a8       0x1a c:/program files (x86)/atmel/avr tools/avr toolchain/bin/../lib/gcc/avr/4.7.2/avr51\libgcc.a(_copy_data.o)
                0x000000a8                __do_copy_data
 *(.init4)
 *(.init5)
 *(.init5)
 *(.init6)
 *(.init6)
 *(.init7)
 *(.init7)
 *(.init8)
 *(.init8)
 *(.init9)
 .init9         0x000000c2        0x4 c:/program files (x86)/atmel/avr tools/avr toolchain/bin/../lib/gcc/avr/4.7.2/../../../../avr/lib/avr51/crtm128.o
 *(.init9)
 *(.text)
 .text          0x000000c6        0x2 c:/program files (x86)/atmel/avr tools/avr toolchain/bin/../lib/gcc/avr/4.7.2/../../../../avr/lib/avr51/crtm128.o
                0x000000c6                __vector_22
                0x000000c6                __vector_28
                0x000000c6                __vector_1
                0x000000c6                __vector_32
                0x000000c6                __vector_34
                0x000000c6                __vector_24
                0x000000c6                __vector_12
                0x000000c6                __bad_interrupt
                0x000000c6                __vector_6
                0x000000c6                __vector_31
                0x000000c6                __vector_3
                0x000000c6                __vector_23
                0x000000c6                __vector_30
                0x000000c6                __vector_25
                0x000000c6                __vector_11
                0x000000c6                __vector_13
                0x000000c6                __vector_17
                0x000000c6                __vector_19
                0x000000c6                __vector_7
                0x000000c6                __vector_27
                0x000000c6                __vector_5
                0x000000c6                __vector_33
                0x000000c6                __vector_4
                0x000000c6                __vector_9
                0x000000c6                __vector_2
                0x000000c6                __vector_21
                0x000000c6                __vector_15
                0x000000c6                __vector_29
                0x000000c6                __vector_8
                0x000000c6                __vector_26
                0x000000c6                __vector_14
                0x000000c6                __vector_10
                0x000000c6                __vector_18
                0x000000c6                __vector_20
                0x000000c8                . = ALIGN (0x2)
 *(.text.*)
 .text.callBackSwitch2ThreeSec
                0x000000c8       0x1a ../../source/Main/main.o
                0x000000c8                callBackSwitch2ThreeSec
 .text.callBackSwitch1ThreeSec
                0x000000e2       0x1a ../../source/Main/main.o
                0x000000e2                callBackSwitch1ThreeSec
 .text.callBackSwitch2OneSec
                0x000000fc       0x1e ../../source/Main/main.o
                0x000000fc                callBackSwitch2OneSec
 .text.callBackSwitch1OneSec
                0x0000011a       0x1e ../../source/Main/main.o
                0x0000011a                callBackSwitch1OneSec
 .text.initDevices
                0x00000138       0x48 ../../source/Main/main.o
                0x00000138                initDevices
 .text.startup.main
                0x00000180        0xc ../../source/Main/main.o
                0x00000180                main
 .text.initSegmentDisplay
                0x0000018c       0x28 ../../source/LedModule/LL_LedModule.o
                0x0000018c                initSegmentDisplay
 .text.setSegementDisplay
                0x000001b4       0x96 ../../source/LedModule/LL_LedModule.o
                0x000001b4                setSegementDisplay
 .text.setLED   0x0000024a       0xe0 ../../source/LedModule/LL_LedModule.o
                0x0000024a                setLED
 .text.blinkingHandler
                0x0000032a       0x72 ../../source/LedModule/LL_LedModule.o
                0x0000032a                blinkingHandler
 .text.setLEDBlinking
                0x0000039c       0x22 ../../source/LedModule/LL_LedModule.o
                0x0000039c                setLEDBlinking
 .text.initGameModeModul
                0x000003be        0xc ../../source/GameModes/LL_GameModes.o
                0x000003be                initGameModeModul
 .text.runGame  0x000003ca       0x64 ../../source/GameModes/LL_GameModes.o
                0x000003ca                runGame
 .text.setStartGame
                0x0000042e        0x6 ../../source/GameModes/LL_GameModes.o
                0x0000042e                setStartGame
 .text.initPorts
                0x00000434       0x56 ../../source/Port/LL_Port.o
                0x00000434                initPorts
 .text.isSwitchPressed
                0x0000048a       0x16 ../../source/Port/LL_Port.o
                0x0000048a                isSwitchPressed
 .text.portHandler
                0x000004a0      0x1ba ../../source/Port/LL_Port.o
                0x000004a0                portHandler
 .text.setFunctionPointerSwitch
                0x0000065a       0x22 ../../source/Port/LL_Port.o
                0x0000065a                setFunctionPointerSwitch
 .text.__vector_16
                0x0000067c       0xc2 ../../source/Timer/LL_Timer.o
                0x0000067c                __vector_16
 .text.getTimerTick1Sec
                0x0000073e        0x6 ../../source/Timer/LL_Timer.o
                0x0000073e                getTimerTick1Sec
 .text.getTimerDiff1Sec
                0x00000744       0x22 ../../source/Timer/LL_Timer.o
                0x00000744                getTimerDiff1Sec
 .text.enableTimer0Interrupt
                0x00000766        0x8 ../../source/Timer/LL_Timer.o
                0x00000766                enableTimer0Interrupt
 .text.setPWMOutput
                0x0000076e       0x24 ../../source/Timer/LL_Timer.o
                0x0000076e                setPWMOutput
 .text.timer0_init
                0x00000792       0x12 ../../source/Timer/LL_Timer.o
                0x00000792                timer0_init
 .text.PWM_init
                0x000007a4       0x1e ../../source/Timer/LL_Timer.o
                0x000007a4                PWM_init
 .text.initTimer
                0x000007c2        0x4 ../../source/Timer/LL_Timer.o
                0x000007c2                initTimer
 .text.setFunctionPointerTimer0
                0x000007c6       0x2a ../../source/Timer/LL_Timer.o
                0x000007c6                setFunctionPointerTimer0
 .text.setSpeed
                0x000007f0       0x20 ../../source/Motor/LL_Motor.o
                0x000007f0                setSpeed
 .text.setDirection
                0x00000810       0x40 ../../source/Motor/LL_Motor.o
                0x00000810                setDirection
 .text.initEngine
                0x00000850        0xc ../../source/Motor/LL_Motor.o
                0x00000850                initEngine
 .text.clearAllDrinks
                0x0000085c       0x2a ../../source/Drinks/LL_Drinks.o
                0x0000085c                clearAllDrinks
 .text.drinkModulHandler
                0x00000886       0xd8 ../../source/Drinks/LL_Drinks.o
                0x00000886                drinkModulHandler
 .text.initDrinkModul
                0x0000095e       0x20 ../../source/Drinks/LL_Drinks.o
                0x0000095e                initDrinkModul
 .text.libgcc.div
                0x0000097e       0x26 c:/program files (x86)/atmel/avr tools/avr toolchain/bin/../lib/gcc/avr/4.7.2/avr51\libgcc.a(_divmodhi4.o)
                0x0000097e                _div
                0x0000097e                __divmodhi4
 .text.libgcc.div
                0x000009a4       0x44 c:/program files (x86)/atmel/avr tools/avr toolchain/bin/../lib/gcc/avr/4.7.2/avr51\libgcc.a(_udivmodsi4.o)
                0x000009a4                __udivmodsi4
 .text.libgcc.div
                0x000009e8       0x28 c:/program files (x86)/atmel/avr tools/avr toolchain/bin/../lib/gcc/avr/4.7.2/avr51\libgcc.a(_udivmodhi4.o)
                0x000009e8                __udivmodhi4
 .text.avr-libc
                0x00000a10       0xb4 c:/program files (x86)/atmel/avr tools/avr toolchain/bin/../lib/gcc/avr/4.7.2/../../../../avr/lib/avr51\libc.a(rand.o)
                0x00000aa6                rand_r
                0x00000aa8                rand
                0x00000aae                srand
 .text.libgcc.div
                0x00000ac4       0x36 c:/program files (x86)/atmel/avr tools/avr toolchain/bin/../lib/gcc/avr/4.7.2/avr51\libgcc.a(_divmodsi4.o)
                0x00000ac4                __divmodsi4
 .text.libgcc.mul
                0x00000afa       0x14 c:/program files (x86)/atmel/avr tools/avr toolchain/bin/../lib/gcc/avr/4.7.2/avr51\libgcc.a(_muluhisi3.o)
                0x00000afa                __muluhisi3
 .text.libgcc.mul
                0x00000b0e        0xc c:/program files (x86)/atmel/avr tools/avr toolchain/bin/../lib/gcc/avr/4.7.2/avr51\libgcc.a(_mulshisi3.o)
                0x00000b0e                __mulshisi3
                0x00000b12                __mulohisi3
 .text.libgcc.mul
                0x00000b1a       0x18 c:/program files (x86)/atmel/avr tools/avr toolchain/bin/../lib/gcc/avr/4.7.2/avr51\libgcc.a(_umulhisi3.o)
                0x00000b1a                __umulhisi3
                0x00000b32                . = ALIGN (0x2)
 *(.fini9)
 .fini9         0x00000b32        0x0 c:/program files (x86)/atmel/avr tools/avr toolchain/bin/../lib/gcc/avr/4.7.2/avr51\libgcc.a(_exit.o)
                0x00000b32                _exit
                0x00000b32                exit
 *(.fini9)
 *(.fini8)
 *(.fini8)
 *(.fini7)
 *(.fini7)
 *(.fini6)
 *(.fini6)
 *(.fini5)
 *(.fini5)
 *(.fini4)
 *(.fini4)
 *(.fini3)
 *(.fini3)
 *(.fini2)
 *(.fini2)
 *(.fini1)
 *(.fini1)
 *(.fini0)
 .fini0         0x00000b32        0x4 c:/program files (x86)/atmel/avr tools/avr toolchain/bin/../lib/gcc/avr/4.7.2/avr51\libgcc.a(_exit.o)
 *(.fini0)
                0x00000b36                _etext = .

.data           0x00800100        0x4 load address 0x00000b36
                0x00800100                PROVIDE (__data_start, .)
 *(.data)
 .data          0x00800100        0x0 c:/program files (x86)/atmel/avr tools/avr toolchain/bin/../lib/gcc/avr/4.7.2/../../../../avr/lib/avr51/crtm128.o
 .data          0x00800100        0x0 ../../source/Main/main.o
 .data          0x00800100        0x0 ../../source/LedModule/LL_LedModule.o
 .data          0x00800100        0x0 ../../source/GameModes/LL_GameModes.o
 .data          0x00800100        0x0 ../../source/Port/LL_Port.o
 .data          0x00800100        0x0 ../../source/Timer/LL_Timer.o
 .data          0x00800100        0x0 ../../source/Motor/LL_Motor.o
 .data          0x00800100        0x0 ../../source/Drinks/LL_Drinks.o
 .data          0x00800100        0x0 c:/program files (x86)/atmel/avr tools/avr toolchain/bin/../lib/gcc/avr/4.7.2/avr51\libgcc.a(_divmodhi4.o)
 .data          0x00800100        0x0 c:/program files (x86)/atmel/avr tools/avr toolchain/bin/../lib/gcc/avr/4.7.2/avr51\libgcc.a(_udivmodsi4.o)
 .data          0x00800100        0x0 c:/program files (x86)/atmel/avr tools/avr toolchain/bin/../lib/gcc/avr/4.7.2/avr51\libgcc.a(_exit.o)
 .data          0x00800100        0x0 c:/program files (x86)/atmel/avr tools/avr toolchain/bin/../lib/gcc/avr/4.7.2/avr51\libgcc.a(_clear_bss.o)
 .data          0x00800100        0x0 c:/program files (x86)/atmel/avr tools/avr toolchain/bin/../lib/gcc/avr/4.7.2/avr51\libgcc.a(_udivmodhi4.o)
 .data          0x00800100        0x4 c:/program files (x86)/atmel/avr tools/avr toolchain/bin/../lib/gcc/avr/4.7.2/../../../../avr/lib/avr51\libc.a(rand.o)
 .data          0x00800104        0x0 c:/program files (x86)/atmel/avr tools/avr toolchain/bin/../lib/gcc/avr/4.7.2/avr51\libgcc.a(_divmodsi4.o)
 .data          0x00800104        0x0 c:/program files (x86)/atmel/avr tools/avr toolchain/bin/../lib/gcc/avr/4.7.2/avr51\libgcc.a(_copy_data.o)
 .data          0x00800104        0x0 c:/program files (x86)/atmel/avr tools/avr toolchain/bin/../lib/gcc/avr/4.7.2/avr51\libgcc.a(_muluhisi3.o)
 .data          0x00800104        0x0 c:/program files (x86)/atmel/avr tools/avr toolchain/bin/../lib/gcc/avr/4.7.2/avr51\libgcc.a(_mulshisi3.o)
 .data          0x00800104        0x0 c:/program files (x86)/atmel/avr tools/avr toolchain/bin/../lib/gcc/avr/4.7.2/avr51\libgcc.a(_umulhisi3.o)
 *(.data*)
 *(.rodata)
 *(.rodata*)
 *(.gnu.linkonce.d*)
                0x00800104                . = ALIGN (0x2)
                0x00800104                _edata = .
                0x00800104                PROVIDE (__data_end, .)

.bss            0x00800104       0xc3
                0x00800104                PROVIDE (__bss_start, .)
 *(.bss)
 *(.bss*)
 .bss.toggleBit.1637
                0x00800104        0x1 ../../source/Main/main.o
 .bss.toggleBit.1641
                0x00800105        0x1 ../../source/Main/main.o
 .bss.toggleBit.1645
                0x00800106        0x1 ../../source/Main/main.o
 .bss.toggleBit.1649
                0x00800107        0x1 ../../source/Main/main.o
 .bss.FunctionPointerList
                0x00800108        0xc ../../source/Port/LL_Port.o
 .bss.timeCounter.1584
                0x00800114        0x4 ../../source/Port/LL_Port.o
 .bss.pinBuffer.1583
                0x00800118        0x1 ../../source/Port/LL_Port.o
 .bss.timerTick1Sec
                0x00800119        0x1 ../../source/Timer/LL_Timer.o
 .bss.timerTick10mSecHelper
                0x0080011a        0x1 ../../source/Timer/LL_Timer.o
 .bss.timerTick10mSec
                0x0080011b        0x1 ../../source/Timer/LL_Timer.o
 .bss.semaphoreCallFunctionPointerList
                0x0080011c        0x2 ../../source/Timer/LL_Timer.o
 .bss.functionPointerCount
                0x0080011e        0x1 ../../source/Timer/LL_Timer.o
 .bss.FunctionPointerList0
                0x0080011f        0x6 ../../source/Timer/LL_Timer.o
 .bss.searchDrinkStarts
                0x00800125        0x2 ../../source/Drinks/LL_Drinks.o
 .bss.timeCounter
                0x00800127        0x4 ../../source/Drinks/LL_Drinks.o
 .bss.oldRandomValue.1564
                0x0080012b        0x2 ../../source/Drinks/LL_Drinks.o
 *(COMMON)
 COMMON         0x0080012d       0x90 ../../source/LedModule/LL_LedModule.o
                0x0080012d                blinkingInformations
 COMMON         0x008001bd        0x6 ../../source/GameModes/LL_GameModes.o
                0x008001bd                timerTick
                0x008001be                randomDirection
                0x008001bf                startGame
                0x008001c0                globalGameMode
                0x008001c2                randomSpeed
 COMMON         0x008001c3        0x4 ../../source/Motor/LL_Motor.o
                0x008001c3                currentSpeed
                0x008001c5                forwardChannel
                0x008001c7                PROVIDE (__bss_end, .)
                0x00000b36                __data_load_start = LOADADDR (.data)
                0x00000b3a                __data_load_end = (__data_load_start + SIZEOF (.data))

.noinit         0x008001c7        0x0
                0x008001c7                PROVIDE (__noinit_start, .)
 *(.noinit*)
                0x008001c7                PROVIDE (__noinit_end, .)
                0x008001c7                _end = .
                0x008001c7                PROVIDE (__heap_start, .)

.eeprom         0x00810000        0x0
 *(.eeprom*)
                0x00810000                __eeprom_end = .

.fuse
 *(.fuse)
 *(.lfuse)
 *(.hfuse)
 *(.efuse)

.lock
 *(.lock*)

.signature
 *(.signature*)

.user_signatures
 *(.user_signatures*)

.stab           0x00000000      0x6cc
 *(.stab)
 .stab          0x00000000      0x6cc c:/program files (x86)/atmel/avr tools/avr toolchain/bin/../lib/gcc/avr/4.7.2/../../../../avr/lib/avr51/crtm128.o

.stabstr        0x00000000       0x97
 *(.stabstr)
 .stabstr       0x00000000       0x97 c:/program files (x86)/atmel/avr tools/avr toolchain/bin/../lib/gcc/avr/4.7.2/../../../../avr/lib/avr51/crtm128.o

.stab.excl
 *(.stab.excl)

.stab.exclstr
 *(.stab.exclstr)

.stab.index
 *(.stab.index)

.stab.indexstr
 *(.stab.indexstr)

.comment        0x00000000       0x2f
 *(.comment)
 .comment       0x00000000       0x2f ../../source/Main/main.o
                                 0x30 (size before relaxing)
 .comment       0x00000000       0x30 ../../source/LedModule/LL_LedModule.o
 .comment       0x00000000       0x30 ../../source/GameModes/LL_GameModes.o
 .comment       0x00000000       0x30 ../../source/Port/LL_Port.o
 .comment       0x00000000       0x30 ../../source/Timer/LL_Timer.o
 .comment       0x00000000       0x30 ../../source/Motor/LL_Motor.o
 .comment       0x00000000       0x30 ../../source/Drinks/LL_Drinks.o
 .comment       0x00000000       0x30 c:/program files (x86)/atmel/avr tools/avr toolchain/bin/../lib/gcc/avr/4.7.2/../../../../avr/lib/avr51\libc.a(rand.o)

.debug
 *(.debug)

.line
 *(.line)

.debug_srcinfo
 *(.debug_srcinfo)

.debug_sfnames
 *(.debug_sfnames)

.debug_aranges  0x00000000      0x218
 *(.debug_aranges)
 .debug_aranges
                0x00000000       0x48 ../../source/Main/main.o
 .debug_aranges
                0x00000048       0x48 ../../source/LedModule/LL_LedModule.o
 .debug_aranges
                0x00000090       0x40 ../../source/GameModes/LL_GameModes.o
 .debug_aranges
                0x000000d0       0x38 ../../source/Port/LL_Port.o
 .debug_aranges
                0x00000108       0x70 ../../source/Timer/LL_Timer.o
 .debug_aranges
                0x00000178       0x30 ../../source/Motor/LL_Motor.o
 .debug_aranges
                0x000001a8       0x38 ../../source/Drinks/LL_Drinks.o
 .debug_aranges
                0x000001e0       0x38 c:/program files (x86)/atmel/avr tools/avr toolchain/bin/../lib/gcc/avr/4.7.2/../../../../avr/lib/avr51\libc.a(rand.o)

.debug_pubnames
 *(.debug_pubnames)

.debug_info     0x00000000     0x1b33
 *(.debug_info)
 .debug_info    0x00000000      0x4c1 ../../source/Main/main.o
 .debug_info    0x000004c1      0x3f5 ../../source/LedModule/LL_LedModule.o
 .debug_info    0x000008b6      0x480 ../../source/GameModes/LL_GameModes.o
 .debug_info    0x00000d36      0x35c ../../source/Port/LL_Port.o
 .debug_info    0x00001092      0x40f ../../source/Timer/LL_Timer.o
 .debug_info    0x000014a1      0x1a5 ../../source/Motor/LL_Motor.o
 .debug_info    0x00001646      0x394 ../../source/Drinks/LL_Drinks.o
 .debug_info    0x000019da      0x159 c:/program files (x86)/atmel/avr tools/avr toolchain/bin/../lib/gcc/avr/4.7.2/../../../../avr/lib/avr51\libc.a(rand.o)
 *(.gnu.linkonce.wi.*)

.debug_abbrev   0x00000000      0xb4a
 *(.debug_abbrev)
 .debug_abbrev  0x00000000      0x127 ../../source/Main/main.o
 .debug_abbrev  0x00000127      0x19c ../../source/LedModule/LL_LedModule.o
 .debug_abbrev  0x000002c3      0x16d ../../source/GameModes/LL_GameModes.o
 .debug_abbrev  0x00000430      0x16a ../../source/Port/LL_Port.o
 .debug_abbrev  0x0000059a      0x1ff ../../source/Timer/LL_Timer.o
 .debug_abbrev  0x00000799       0xe1 ../../source/Motor/LL_Motor.o
 .debug_abbrev  0x0000087a      0x1f7 ../../source/Drinks/LL_Drinks.o
 .debug_abbrev  0x00000a71       0xd9 c:/program files (x86)/atmel/avr tools/avr toolchain/bin/../lib/gcc/avr/4.7.2/../../../../avr/lib/avr51\libc.a(rand.o)

.debug_line     0x00000000     0x1345
 *(.debug_line)
 .debug_line    0x00000000      0x335 ../../source/Main/main.o
 .debug_line    0x00000335      0x30c ../../source/LedModule/LL_LedModule.o
 .debug_line    0x00000641      0x2c7 ../../source/GameModes/LL_GameModes.o
 .debug_line    0x00000908      0x30f ../../source/Port/LL_Port.o
 .debug_line    0x00000c17      0x2dd ../../source/Timer/LL_Timer.o
 .debug_line    0x00000ef4      0x17a ../../source/Motor/LL_Motor.o
 .debug_line    0x0000106e      0x236 ../../source/Drinks/LL_Drinks.o
 .debug_line    0x000012a4       0xa1 c:/program files (x86)/atmel/avr tools/avr toolchain/bin/../lib/gcc/avr/4.7.2/../../../../avr/lib/avr51\libc.a(rand.o)

.debug_frame    0x00000000      0x438
 *(.debug_frame)
 .debug_frame   0x00000000       0x74 ../../source/Main/main.o
 .debug_frame   0x00000074       0x94 ../../source/LedModule/LL_LedModule.o
 .debug_frame   0x00000108       0x70 ../../source/GameModes/LL_GameModes.o
 .debug_frame   0x00000178       0x68 ../../source/Port/LL_Port.o
 .debug_frame   0x000001e0      0x120 ../../source/Timer/LL_Timer.o
 .debug_frame   0x00000300       0x44 ../../source/Motor/LL_Motor.o
 .debug_frame   0x00000344       0x6c ../../source/Drinks/LL_Drinks.o
 .debug_frame   0x000003b0       0x88 c:/program files (x86)/atmel/avr tools/avr toolchain/bin/../lib/gcc/avr/4.7.2/../../../../avr/lib/avr51\libc.a(rand.o)

.debug_str      0x00000000      0xbe2
 *(.debug_str)
 .debug_str     0x00000000      0x3a0 ../../source/Main/main.o
                                0x3d4 (size before relaxing)
 .debug_str     0x000003a0      0x226 ../../source/LedModule/LL_LedModule.o
                                0x3b9 (size before relaxing)
 .debug_str     0x000005c6      0x20c ../../source/GameModes/LL_GameModes.o
                                0x3b6 (size before relaxing)
 .debug_str     0x000007d2       0xa3 ../../source/Port/LL_Port.o
                                0x295 (size before relaxing)
 .debug_str     0x00000875      0x1cb ../../source/Timer/LL_Timer.o
                                0x300 (size before relaxing)
 .debug_str     0x00000a40       0x60 ../../source/Motor/LL_Motor.o
                                0x184 (size before relaxing)
 .debug_str     0x00000aa0       0xc1 ../../source/Drinks/LL_Drinks.o
                                0x2ab (size before relaxing)
 .debug_str     0x00000b61       0x81 c:/program files (x86)/atmel/avr tools/avr toolchain/bin/../lib/gcc/avr/4.7.2/../../../../avr/lib/avr51\libc.a(rand.o)
                                 0xba (size before relaxing)

.debug_loc      0x00000000      0xcab
 *(.debug_loc)
 .debug_loc     0x00000000      0x44d ../../source/LedModule/LL_LedModule.o
 .debug_loc     0x0000044d      0x1f9 ../../source/GameModes/LL_GameModes.o
 .debug_loc     0x00000646      0x10a ../../source/Port/LL_Port.o
 .debug_loc     0x00000750      0x25d ../../source/Timer/LL_Timer.o
 .debug_loc     0x000009ad       0x6c ../../source/Motor/LL_Motor.o
 .debug_loc     0x00000a19       0xaa ../../source/Drinks/LL_Drinks.o
 .debug_loc     0x00000ac3      0x1e8 c:/program files (x86)/atmel/avr tools/avr toolchain/bin/../lib/gcc/avr/4.7.2/../../../../avr/lib/avr51\libc.a(rand.o)

.debug_macinfo
 *(.debug_macinfo)

.debug_pubtypes
 *(.debug_pubtypes)

.debug_ranges   0x00000000      0x1e0
 *(.debug_ranges)
 .debug_ranges  0x00000000       0x38 ../../source/Main/main.o
 .debug_ranges  0x00000038       0x38 ../../source/LedModule/LL_LedModule.o
 .debug_ranges  0x00000070       0x48 ../../source/GameModes/LL_GameModes.o
 .debug_ranges  0x000000b8       0x28 ../../source/Port/LL_Port.o
 .debug_ranges  0x000000e0       0x60 ../../source/Timer/LL_Timer.o
 .debug_ranges  0x00000140       0x20 ../../source/Motor/LL_Motor.o
 .debug_ranges  0x00000160       0x58 ../../source/Drinks/LL_Drinks.o
 .debug_ranges  0x000001b8       0x28 c:/program files (x86)/atmel/avr tools/avr toolchain/bin/../lib/gcc/avr/4.7.2/../../../../avr/lib/avr51\libc.a(rand.o)

.debug_macro
 *(.debug_macro)
OUTPUT(looping.elf elf32-avr)
LOAD linker stubs

Cross Reference Table

Symbol                                            File
PWM_init                                          ../../source/Timer/LL_Timer.o
__bad_interrupt                                   c:/program files (x86)/atmel/avr tools/avr toolchain/bin/../lib/gcc/avr/4.7.2/../../../../avr/lib/avr51/crtm128.o
__bss_end                                         c:/program files (x86)/atmel/avr tools/avr toolchain/bin/../lib/gcc/avr/4.7.2/avr51\libgcc.a(_clear_bss.o)
__bss_start                                       c:/program files (x86)/atmel/avr tools/avr toolchain/bin/../lib/gcc/avr/4.7.2/avr51\libgcc.a(_clear_bss.o)
__data_end                                        c:/program files (x86)/atmel/avr tools/avr toolchain/bin/../lib/gcc/avr/4.7.2/avr51\libgcc.a(_copy_data.o)
__data_load_start                                 c:/program files (x86)/atmel/avr tools/avr toolchain/bin/../lib/gcc/avr/4.7.2/avr51\libgcc.a(_copy_data.o)
__data_start                                      c:/program files (x86)/atmel/avr tools/avr toolchain/bin/../lib/gcc/avr/4.7.2/avr51\libgcc.a(_copy_data.o)
__divmodhi4                                       c:/program files (x86)/atmel/avr tools/avr toolchain/bin/../lib/gcc/avr/4.7.2/avr51\libgcc.a(_divmodhi4.o)
                                                  ../../source/Drinks/LL_Drinks.o
                                                  ../../source/GameModes/LL_GameModes.o
__divmodsi4                                       c:/program files (x86)/atmel/avr tools/avr toolchain/bin/../lib/gcc/avr/4.7.2/avr51\libgcc.a(_divmodsi4.o)
                                                  c:/program files (x86)/atmel/avr tools/avr toolchain/bin/../lib/gcc/avr/4.7.2/../../../../avr/lib/avr51\libc.a(rand.o)
__do_clear_bss                                    c:/program files (x86)/atmel/avr tools/avr toolchain/bin/../lib/gcc/avr/4.7.2/avr51\libgcc.a(_clear_bss.o)
                                                  ../../source/Drinks/LL_Drinks.o
                                                  ../../source/Motor/LL_Motor.o
                                                  ../../source/Timer/LL_Timer.o
                                                  ../../source/Port/LL_Port.o
                                                  ../../source/GameModes/LL_GameModes.o
                                                  ../../source/LedModule/LL_LedModule.o
                                                  ../../source/Main/main.o
__do_copy_data                                    c:/program files (x86)/atmel/avr tools/avr toolchain/bin/../lib/gcc/avr/4.7.2/avr51\libgcc.a(_copy_data.o)
                                                  c:/program files (x86)/atmel/avr tools/avr toolchain/bin/../lib/gcc/avr/4.7.2/../../../../avr/lib/avr51\libc.a(rand.o)
__heap_end                                        c:/program files (x86)/atmel/avr tools/avr toolchain/bin/../lib/gcc/avr/4.7.2/../../../../avr/lib/avr51/crtm128.o
__init                                            c:/program files (x86)/atmel/avr tools/avr toolchain/bin/../lib/gcc/avr/4.7.2/../../../../avr/lib/avr51/crtm128.o
__mulohisi3                                       c:/program files (x86)/atmel/avr tools/avr toolchain/bin/../lib/gcc/avr/4.7.2/avr51\libgcc.a(_mulshisi3.o)
                                                  c:/program files (x86)/atmel/avr tools/avr toolchain/bin/../lib/gcc/avr/4.7.2/../../../../avr/lib/avr51\libc.a(rand.o)
__mulshisi3                                       c:/program files (x86)/atmel/avr tools/avr toolchain/bin/../lib/gcc/avr/4.7.2/avr51\libgcc.a(_mulshisi3.o)
__muluhisi3                                       c:/program files (x86)/atmel/avr tools/avr toolchain/bin/../lib/gcc/avr/4.7.2/avr51\libgcc.a(_muluhisi3.o)
                                                  c:/program files (x86)/atmel/avr tools/avr toolchain/bin/../lib/gcc/avr/4.7.2/avr51\libgcc.a(_mulshisi3.o)
                                                  c:/program files (x86)/atmel/avr tools/avr toolchain/bin/../lib/gcc/avr/4.7.2/../../../../avr/lib/avr51\libc.a(rand.o)
__stack                                           c:/program files (x86)/atmel/avr tools/avr toolchain/bin/../lib/gcc/avr/4.7.2/../../../../avr/lib/avr51/crtm128.o
__udivmodhi4                                      c:/program files (x86)/atmel/avr tools/avr toolchain/bin/../lib/gcc/avr/4.7.2/avr51\libgcc.a(_udivmodhi4.o)
                                                  c:/program files (x86)/atmel/avr tools/avr toolchain/bin/../lib/gcc/avr/4.7.2/avr51\libgcc.a(_divmodhi4.o)
__udivmodsi4                                      c:/program files (x86)/atmel/avr tools/avr toolchain/bin/../lib/gcc/avr/4.7.2/avr51\libgcc.a(_udivmodsi4.o)
                                                  c:/program files (x86)/atmel/avr tools/avr toolchain/bin/../lib/gcc/avr/4.7.2/avr51\libgcc.a(_divmodsi4.o)
                                                  ../../source/Drinks/LL_Drinks.o
__umulhisi3                                       c:/program files (x86)/atmel/avr tools/avr toolchain/bin/../lib/gcc/avr/4.7.2/avr51\libgcc.a(_umulhisi3.o)
                                                  c:/program files (x86)/atmel/avr tools/avr toolchain/bin/../lib/gcc/avr/4.7.2/avr51\libgcc.a(_muluhisi3.o)
__vector_1                                        c:/program files (x86)/atmel/avr tools/avr toolchain/bin/../lib/gcc/avr/4.7.2/../../../../avr/lib/avr51/crtm128.o
__vector_10                                       c:/program files (x86)/atmel/avr tools/avr toolchain/bin/../lib/gcc/avr/4.7.2/../../../../avr/lib/avr51/crtm128.o
__vector_11                                       c:/program files (x86)/atmel/avr tools/avr toolchain/bin/../lib/gcc/avr/4.7.2/../../../../avr/lib/avr51/crtm128.o
__vector_12                                       c:/program files (x86)/atmel/avr tools/avr toolchain/bin/../lib/gcc/avr/4.7.2/../../../../avr/lib/avr51/crtm128.o
__vector_13                                       c:/program files (x86)/atmel/avr tools/avr toolchain/bin/../lib/gcc/avr/4.7.2/../../../../avr/lib/avr51/crtm128.o
__vector_14                                       c:/program files (x86)/atmel/avr tools/avr toolchain/bin/../lib/gcc/avr/4.7.2/../../../../avr/lib/avr51/crtm128.o
__vector_15                                       c:/program files (x86)/atmel/avr tools/avr toolchain/bin/../lib/gcc/avr/4.7.2/../../../../avr/lib/avr51/crtm128.o
__vector_16                                       ../../source/Timer/LL_Timer.o
                                                  c:/program files (x86)/atmel/avr tools/avr toolchain/bin/../lib/gcc/avr/4.7.2/../../../../avr/lib/avr51/crtm128.o
__vector_17                                       c:/program files (x86)/atmel/avr tools/avr toolchain/bin/../lib/gcc/avr/4.7.2/../../../../avr/lib/avr51/crtm128.o
__vector_18                                       c:/program files (x86)/atmel/avr tools/avr toolchain/bin/../lib/gcc/avr/4.7.2/../../../../avr/lib/avr51/crtm128.o
__vector_19                                       c:/program files (x86)/atmel/avr tools/avr toolchain/bin/../lib/gcc/avr/4.7.2/../../../../avr/lib/avr51/crtm128.o
__vector_2                                        c:/program files (x86)/atmel/avr tools/avr toolchain/bin/../lib/gcc/avr/4.7.2/../../../../avr/lib/avr51/crtm128.o
__vector_20                                       c:/program files (x86)/atmel/avr tools/avr toolchain/bin/../lib/gcc/avr/4.7.2/../../../../avr/lib/avr51/crtm128.o
__vector_21                                       c:/program files (x86)/atmel/avr tools/avr toolchain/bin/../lib/gcc/avr/4.7.2/../../../../avr/lib/avr51/crtm128.o
__vector_22                                       c:/program files (x86)/atmel/avr tools/avr toolchain/bin/../lib/gcc/avr/4.7.2/../../../../avr/lib/avr51/crtm128.o
__vector_23                                       c:/program files (x86)/atmel/avr tools/avr toolchain/bin/../lib/gcc/avr/4.7.2/../../../../avr/lib/avr51/crtm128.o
__vector_24                                       c:/program files (x86)/atmel/avr tools/avr toolchain/bin/../lib/gcc/avr/4.7.2/../../../../avr/lib/avr51/crtm128.o
__vector_25                                       c:/program files (x86)/atmel/avr tools/avr toolchain/bin/../lib/gcc/avr/4.7.2/../../../../avr/lib/avr51/crtm128.o
__vector_26                                       c:/program files (x86)/atmel/avr tools/avr toolchain/bin/../lib/gcc/avr/4.7.2/../../../../avr/lib/avr51/crtm128.o
__vector_27                                       c:/program files (x86)/atmel/avr tools/avr toolchain/bin/../lib/gcc/avr/4.7.2/../../../../avr/lib/avr51/crtm128.o
__vector_28                                       c:/program files (x86)/atmel/avr tools/avr toolchain/bin/../lib/gcc/avr/4.7.2/../../../../avr/lib/avr51/crtm128.o
__vector_29                                       c:/program files (x86)/atmel/avr tools/avr toolchain/bin/../lib/gcc/avr/4.7.2/../../../../avr/lib/avr51/crtm128.o
__vector_3                                        c:/program files (x86)/atmel/avr tools/avr toolchain/bin/../lib/gcc/avr/4.7.2/../../../../avr/lib/avr51/crtm128.o
__vector_30                                       c:/program files (x86)/atmel/avr tools/avr toolchain/bin/../lib/gcc/avr/4.7.2/../../../../avr/lib/avr51/crtm128.o
__vector_31                                       c:/program files (x86)/atmel/avr tools/avr toolchain/bin/../lib/gcc/avr/4.7.2/../../../../avr/lib/avr51/crtm128.o
__vector_32                                       c:/program files (x86)/atmel/avr tools/avr toolchain/bin/../lib/gcc/avr/4.7.2/../../../../avr/lib/avr51/crtm128.o
__vector_33                                       c:/program files (x86)/atmel/avr tools/avr toolchain/bin/../lib/gcc/avr/4.7.2/../../../../avr/lib/avr51/crtm128.o
__vector_34                                       c:/program files (x86)/atmel/avr tools/avr toolchain/bin/../lib/gcc/avr/4.7.2/../../../../avr/lib/avr51/crtm128.o
__vector_4                                        c:/program files (x86)/atmel/avr tools/avr toolchain/bin/../lib/gcc/avr/4.7.2/../../../../avr/lib/avr51/crtm128.o
__vector_5                                        c:/program files (x86)/atmel/avr tools/avr toolchain/bin/../lib/gcc/avr/4.7.2/../../../../avr/lib/avr51/crtm128.o
__vector_6                                        c:/program files (x86)/atmel/avr tools/avr toolchain/bin/../lib/gcc/avr/4.7.2/../../../../avr/lib/avr51/crtm128.o
__vector_7                                        c:/program files (x86)/atmel/avr tools/avr toolchain/bin/../lib/gcc/avr/4.7.2/../../../../avr/lib/avr51/crtm128.o
__vector_8                                        c:/program files (x86)/atmel/avr tools/avr toolchain/bin/../lib/gcc/avr/4.7.2/../../../../avr/lib/avr51/crtm128.o
__vector_9                                        c:/program files (x86)/atmel/avr tools/avr toolchain/bin/../lib/gcc/avr/4.7.2/../../../../avr/lib/avr51/crtm128.o
__vector_default                                  c:/program files (x86)/atmel/avr tools/avr toolchain/bin/../lib/gcc/avr/4.7.2/../../../../avr/lib/avr51/crtm128.o
__vectors                                         c:/program files (x86)/atmel/avr tools/avr toolchain/bin/../lib/gcc/avr/4.7.2/../../../../avr/lib/avr51/crtm128.o
_div                                              c:/program files (x86)/atmel/avr tools/avr toolchain/bin/../lib/gcc/avr/4.7.2/avr51\libgcc.a(_divmodhi4.o)
_exit                                             c:/program files (x86)/atmel/avr tools/avr toolchain/bin/../lib/gcc/avr/4.7.2/avr51\libgcc.a(_exit.o)
blinkingHandler                                   ../../source/LedModule/LL_LedModule.o
blinkingInformations                              ../../source/LedModule/LL_LedModule.o
callBackSwitch1OneSec                             ../../source/Main/main.o
callBackSwitch1ThreeSec                           ../../source/Main/main.o
callBackSwitch2OneSec                             ../../source/Main/main.o
callBackSwitch2ThreeSec                           ../../source/Main/main.o
clearAllDrinks                                    ../../source/Drinks/LL_Drinks.o
clearScreen                                       ../../source/LedModule/LL_LedModule.o
currentSpeed                                      ../../source/Motor/LL_Motor.o
drinkModulHandler                                 ../../source/Drinks/LL_Drinks.o
enableTimer0Interrupt                             ../../source/Timer/LL_Timer.o
                                                  ../../source/Main/main.o
exit                                              c:/program files (x86)/atmel/avr tools/avr toolchain/bin/../lib/gcc/avr/4.7.2/avr51\libgcc.a(_exit.o)
                                                  c:/program files (x86)/atmel/avr tools/avr toolchain/bin/../lib/gcc/avr/4.7.2/../../../../avr/lib/avr51/crtm128.o
forwardChannel                                    ../../source/Motor/LL_Motor.o
getTimerDiff10mSec                                ../../source/Timer/LL_Timer.o
getTimerDiff1Sec                                  ../../source/Timer/LL_Timer.o
                                                  ../../source/GameModes/LL_GameModes.o
getTimerTick10mSec                                ../../source/Timer/LL_Timer.o
getTimerTick1Sec                                  ../../source/Timer/LL_Timer.o
                                                  ../../source/GameModes/LL_GameModes.o
globalGameMode                                    ../../source/GameModes/LL_GameModes.o
initDevices                                       ../../source/Main/main.o
initDrinkModul                                    ../../source/Drinks/LL_Drinks.o
                                                  ../../source/Main/main.o
initEngine                                        ../../source/Motor/LL_Motor.o
                                                  ../../source/Main/main.o
initGameModeModul                                 ../../source/GameModes/LL_GameModes.o
                                                  ../../source/Main/main.o
initPorts                                         ../../source/Port/LL_Port.o
                                                  ../../source/Main/main.o
initSegmentDisplay                                ../../source/LedModule/LL_LedModule.o
                                                  ../../source/Main/main.o
initTimer                                         ../../source/Timer/LL_Timer.o
                                                  ../../source/Main/main.o
isSwitchPressed                                   ../../source/Port/LL_Port.o
led_mode                                          ../../source/Main/main.o
main                                              ../../source/Main/main.o
                                                  c:/program files (x86)/atmel/avr tools/avr toolchain/bin/../lib/gcc/avr/4.7.2/../../../../avr/lib/avr51/crtm128.o
portHandler                                       ../../source/Port/LL_Port.o
rand                                              c:/program files (x86)/atmel/avr tools/avr toolchain/bin/../lib/gcc/avr/4.7.2/../../../../avr/lib/avr51\libc.a(rand.o)
                                                  ../../source/Drinks/LL_Drinks.o
                                                  ../../source/GameModes/LL_GameModes.o
rand_r                                            c:/program files (x86)/atmel/avr tools/avr toolchain/bin/../lib/gcc/avr/4.7.2/../../../../avr/lib/avr51\libc.a(rand.o)
randomDirection                                   ../../source/GameModes/LL_GameModes.o
randomSpeed                                       ../../source/GameModes/LL_GameModes.o
random_nr                                         ../../source/Main/main.o
runGame                                           ../../source/GameModes/LL_GameModes.o
                                                  ../../source/Main/main.o
setDifficulty                                     ../../source/GameModes/LL_GameModes.o
setDirection                                      ../../source/Motor/LL_Motor.o
                                                  ../../source/GameModes/LL_GameModes.o
setFunctionPointerSwitch                          ../../source/Port/LL_Port.o
                                                  ../../source/Main/main.o
setFunctionPointerTimer0                          ../../source/Timer/LL_Timer.o
                                                  ../../source/Drinks/LL_Drinks.o
                                                  ../../source/Port/LL_Port.o
                                                  ../../source/LedModule/LL_LedModule.o
setGameMode                                       ../../source/GameModes/LL_GameModes.o
setLED                                            ../../source/LedModule/LL_LedModule.o
                                                  ../../source/Drinks/LL_Drinks.o
setLEDBlinking                                    ../../source/LedModule/LL_LedModule.o
                                                  ../../source/Drinks/LL_Drinks.o
                                                  ../../source/Main/main.o
setPWMOutput                                      ../../source/Timer/LL_Timer.o
                                                  ../../source/Motor/LL_Motor.o
setSegementDisplay                                ../../source/LedModule/LL_LedModule.o
                                                  ../../source/GameModes/LL_GameModes.o
setSpeed                                          ../../source/Motor/LL_Motor.o
                                                  ../../source/GameModes/LL_GameModes.o
                                                  ../../source/Main/main.o
setStartGame                                      ../../source/GameModes/LL_GameModes.o
                                                  ../../source/Main/main.o
srand                                             c:/program files (x86)/atmel/avr tools/avr toolchain/bin/../lib/gcc/avr/4.7.2/../../../../avr/lib/avr51\libc.a(rand.o)
startGame                                         ../../source/GameModes/LL_GameModes.o
startSearchNewDrink                               ../../source/Drinks/LL_Drinks.o
timer0_init                                       ../../source/Timer/LL_Timer.o
timerTick                                         ../../source/GameModes/LL_GameModes.o
